<html>
<body>
<pre>
<h1>µVision Build Log</h1>
<h2>Project:</h2>
E:\Master of Engineering\1ST SEMESTER\Microcontroller and Its Applications\LAB\LPC2148\LED_Port0_16\Button_Port0_16.uvproj
Project File Date:  09/04/2023

<h2>Output:</h2>
Rebuild target 'Target 1'
assembling Startup.s...
linking...
Button_Port0_16.axf: Warning: L6665W: Neither Lib$$Request$$armlib Lib$$Request$$cpplib defined, not searching ARM libraries.
Button_Port0_16.axf: Error: L6411E: No compatible library exists with a definition of startup symbol __main.
Target not created
Rebuild target 'Target 1'
assembling Startup.s...
linking...
Button_Port0_16.axf: Warning: L6665W: Neither Lib$$Request$$armlib Lib$$Request$$cpplib defined, not searching ARM libraries.
Button_Port0_16.axf: Error: L6411E: No compatible library exists with a definition of startup symbol __main.
Target not created
Rebuild target 'Target 1'
assembling Startup.s...
linking...
Button_Port0_16.axf: Warning: L6665W: Neither Lib$$Request$$armlib Lib$$Request$$cpplib defined, not searching ARM libraries.
Button_Port0_16.axf: Error: L6411E: No compatible library exists with a definition of startup symbol __main.
Target not created
Rebuild target 'Target 1'
assembling Startup.s...
linking...
Button_Port0_16.axf: Warning: L6665W: Neither Lib$$Request$$armlib Lib$$Request$$cpplib defined, not searching ARM libraries.
Button_Port0_16.axf: Error: L6411E: No compatible library exists with a definition of startup symbol __main.
Target not created
Rebuild target 'Target 1'
assembling Startup.s...
compiling port0_16.c...
port0_16.c(16): warning:  #111-D: statement is unreachable
linking...
Program Size: Code=768 RO-data=16 RW-data=0 ZI-data=1256  
"Button_Port0_16.axf" - 0 Error(s), 1 Warning(s).
Rebuild target 'Target 1'
assembling Startup.s...
compiling port0_16.c...
port0_16.c(16): warning:  #111-D: statement is unreachable
linking...
Program Size: Code=768 RO-data=16 RW-data=0 ZI-data=1256  
FromELF: creating hex file...
"Button_Port0_16.axf" - 0 Error(s), 1 Warning(s).
