<html>
<body>
<pre>
<h1>µVision Build Log</h1>
<h2>Project:</h2>
E:\ME\repo_1\Embedded_Systems\MCA\Proteus Projects\LP2148\UART_string\UART.uvproj
Project File Date:  10/26/2023

<h2>Output:</h2>
compiling main.c...
main.c(4): warning:  #1-D: last line of file ends without a newline
main.c - 0 Error(s), 1 Warning(s).
Build target 'Target 1'
assembling Startup.s...
linking...
Program Size: Code=692 RO-data=16 RW-data=0 ZI-data=1256  
"UART.axf" - 0 Error(s), 0 Warning(s).
Rebuild target 'Target 1'
assembling Startup.s...
compiling main.c...
main.c(4): warning:  #1-D: last line of file ends without a newline
linking...
Program Size: Code=692 RO-data=16 RW-data=0 ZI-data=1256  
"UART.axf" - 0 Error(s), 1 Warning(s).
compiling main.c...
uart.h(6): warning:  #1-D: last line of file ends without a newline
main.c(5): error:  #29: expected an expression
main.c(5): error:  #140: too many arguments in function call
main.c(6): warning:  #1-D: last line of file ends without a newline
main.c - 2 Error(s), 2 Warning(s).
Build target 'Target 1'
compiling main.c...
uart.h(6): warning:  #1-D: last line of file ends without a newline
main.c(5): error:  #29: expected an expression
main.c(5): error:  #140: too many arguments in function call
main.c(6): warning:  #1-D: last line of file ends without a newline
compiling uart_op.c...
uart.h(6): warning:  #1-D: last line of file ends without a newline
Target not created
Build target 'Target 1'
compiling main.c...
uart.h(6): warning:  #1-D: last line of file ends without a newline
main.c(5): error:  #29: expected an expression
main.c(5): error:  #140: too many arguments in function call
main.c(6): warning:  #1-D: last line of file ends without a newline
Target not created
Build target 'Target 1'
compiling main.c...
uart.h(6): warning:  #1-D: last line of file ends without a newline
main.c(5): error:  #29: expected an expression
main.c(5): error:  #140: too many arguments in function call
main.c(6): warning:  #1-D: last line of file ends without a newline
Target not created
compiling uart_op.c...
uart.h(8): warning:  #1-D: last line of file ends without a newline
uart_op.c - 0 Error(s), 1 Warning(s).
Build target 'Target 1'
compiling main.c...
uart.h(8): warning:  #1-D: last line of file ends without a newline
main.c(8): warning:  #1-D: last line of file ends without a newline
linking...
Program Size: Code=940 RO-data=16 RW-data=0 ZI-data=1256  
"UART.axf" - 0 Error(s), 2 Warning(s).
Build target 'Target 1'
linking...
Program Size: Code=940 RO-data=16 RW-data=0 ZI-data=1256  
"UART.axf" - 0 Error(s), 0 Warning(s).
Rebuild target 'Target 1'
assembling Startup.s...
compiling main.c...
uart.h(8): warning:  #1-D: last line of file ends without a newline
main.c(8): warning:  #1-D: last line of file ends without a newline
compiling uart_op.c...
uart.h(8): warning:  #1-D: last line of file ends without a newline
linking...
Program Size: Code=940 RO-data=16 RW-data=0 ZI-data=1256  
"UART.axf" - 0 Error(s), 3 Warning(s).
Rebuild target 'Target 1'
assembling Startup.s...
compiling main.c...
uart.h(8): warning:  #1-D: last line of file ends without a newline
main.c(13): warning:  #1-D: last line of file ends without a newline
compiling uart_op.c...
uart.h(8): warning:  #1-D: last line of file ends without a newline
linking...
Program Size: Code=940 RO-data=16 RW-data=0 ZI-data=1256  
"UART.axf" - 0 Error(s), 3 Warning(s).
Build target 'Target 1'
linking...
Program Size: Code=940 RO-data=16 RW-data=0 ZI-data=1256  
"UART.axf" - 0 Error(s), 0 Warning(s).
Rebuild target 'Target 1'
assembling Startup.s...
compiling main.c...
uart.h(8): warning:  #1-D: last line of file ends without a newline
main.c(13): warning:  #1-D: last line of file ends without a newline
compiling uart_op.c...
uart.h(8): warning:  #1-D: last line of file ends without a newline
linking...
Program Size: Code=940 RO-data=16 RW-data=0 ZI-data=1256  
"UART.axf" - 0 Error(s), 3 Warning(s).
Build target 'Target 1'
compiling main.c...
uart.h(8): warning:  #1-D: last line of file ends without a newline
main.c(10): warning:  #550-D: variable "a" was set but never used
main.c(15): warning:  #1-D: last line of file ends without a newline
linking...
Program Size: Code=952 RO-data=16 RW-data=0 ZI-data=1256  
"UART.axf" - 0 Error(s), 3 Warning(s).
Rebuild target 'Target 1'
assembling Startup.s...
compiling main.c...
uart.h(8): warning:  #1-D: last line of file ends without a newline
main.c(10): warning:  #550-D: variable "a" was set but never used
main.c(15): warning:  #1-D: last line of file ends without a newline
compiling uart_op.c...
uart.h(8): warning:  #1-D: last line of file ends without a newline
linking...
Program Size: Code=952 RO-data=16 RW-data=0 ZI-data=1256  
"UART.axf" - 0 Error(s), 4 Warning(s).
Rebuild target 'Target 1'
assembling Startup.s...
compiling main.c...
uart.h(8): warning:  #1-D: last line of file ends without a newline
main.c(19): warning:  #1-D: last line of file ends without a newline
compiling uart_op.c...
uart.h(8): warning:  #1-D: last line of file ends without a newline
linking...
Program Size: Code=960 RO-data=16 RW-data=0 ZI-data=1256  
"UART.axf" - 0 Error(s), 3 Warning(s).
Rebuild target 'Target 1'
assembling Startup.s...
compiling main.c...
uart.h(8): warning:  #1-D: last line of file ends without a newline
main.c(19): warning:  #1-D: last line of file ends without a newline
compiling uart_op.c...
uart.h(8): warning:  #1-D: last line of file ends without a newline
linking...
Program Size: Code=960 RO-data=16 RW-data=0 ZI-data=1256  
"UART.axf" - 0 Error(s), 3 Warning(s).
Build target 'Target 1'
compiling main.c...
uart.h(8): warning:  #1-D: last line of file ends without a newline
main.c(25): warning:  #1-D: last line of file ends without a newline
linking...
Program Size: Code=972 RO-data=16 RW-data=0 ZI-data=1256  
"UART.axf" - 0 Error(s), 2 Warning(s).
Rebuild target 'Target 1'
assembling Startup.s...
compiling main.c...
uart.h(8): warning:  #1-D: last line of file ends without a newline
main.c(25): warning:  #1-D: last line of file ends without a newline
compiling uart_op.c...
uart.h(8): warning:  #1-D: last line of file ends without a newline
linking...
Program Size: Code=972 RO-data=16 RW-data=0 ZI-data=1256  
"UART.axf" - 0 Error(s), 3 Warning(s).
Rebuild target 'Target 1'
assembling Startup.s...
compiling main.c...
uart.h(8): warning:  #1-D: last line of file ends without a newline
main.c(25): warning:  #1-D: last line of file ends without a newline
compiling uart_op.c...
uart.h(8): warning:  #1-D: last line of file ends without a newline
linking...
Program Size: Code=972 RO-data=16 RW-data=0 ZI-data=1256  
"UART.axf" - 0 Error(s), 3 Warning(s).
Rebuild target 'Target 1'
assembling Startup.s...
compiling main.c...
uart.h(8): warning:  #1-D: last line of file ends without a newline
main.c(25): warning:  #1-D: last line of file ends without a newline
compiling uart_op.c...
uart.h(8): warning:  #1-D: last line of file ends without a newline
linking...
Program Size: Code=972 RO-data=16 RW-data=0 ZI-data=1256  
"UART.axf" - 0 Error(s), 3 Warning(s).
Rebuild target 'Target 1'
assembling Startup.s...
compiling main.c...
uart.h(8): warning:  #1-D: last line of file ends without a newline
main.c(18): warning:  #1-D: last line of file ends without a newline
compiling uart_op.c...
uart.h(8): warning:  #1-D: last line of file ends without a newline
linking...
Program Size: Code=960 RO-data=16 RW-data=0 ZI-data=1256  
"UART.axf" - 0 Error(s), 3 Warning(s).
Rebuild target 'Target 1'
assembling Startup.s...
compiling main.c...
uart.h(8): warning:  #1-D: last line of file ends without a newline
main.c(10): warning:  #177-D: variable "a" was declared but never referenced
main.c(18): warning:  #1-D: last line of file ends without a newline
compiling uart_op.c...
uart.h(8): warning:  #1-D: last line of file ends without a newline
linking...
Program Size: Code=940 RO-data=16 RW-data=0 ZI-data=1256  
"UART.axf" - 0 Error(s), 4 Warning(s).
Rebuild target 'Target 1'
assembling Startup.s...
compiling main.c...
uart.h(8): warning:  #1-D: last line of file ends without a newline
main.c(18): warning:  #1-D: last line of file ends without a newline
compiling uart_op.c...
uart.h(8): warning:  #1-D: last line of file ends without a newline
linking...
Program Size: Code=960 RO-data=16 RW-data=0 ZI-data=1256  
"UART.axf" - 0 Error(s), 3 Warning(s).
Rebuild target 'Target 1'
assembling Startup.s...
compiling main.c...
uart.h(8): warning:  #1-D: last line of file ends without a newline
main.c(25): warning:  #1-D: last line of file ends without a newline
compiling uart_op.c...
uart.h(8): warning:  #1-D: last line of file ends without a newline
linking...
Program Size: Code=972 RO-data=16 RW-data=0 ZI-data=1256  
"UART.axf" - 0 Error(s), 3 Warning(s).
Rebuild target 'Target 1'
assembling Startup.s...
compiling main.c...
uart.h(8): warning:  #1-D: last line of file ends without a newline
main.c(34): warning:  #1-D: last line of file ends without a newline
compiling uart_op.c...
uart.h(8): warning:  #1-D: last line of file ends without a newline
linking...
Program Size: Code=1228 RO-data=16 RW-data=0 ZI-data=1256  
"UART.axf" - 0 Error(s), 3 Warning(s).
Rebuild target 'Target 1'
assembling Startup.s...
compiling main.c...
uart.h(8): warning:  #1-D: last line of file ends without a newline
main.c(33): warning:  #1-D: last line of file ends without a newline
compiling uart_op.c...
uart.h(8): warning:  #1-D: last line of file ends without a newline
linking...
Program Size: Code=1188 RO-data=16 RW-data=0 ZI-data=1256  
"UART.axf" - 0 Error(s), 3 Warning(s).
Build target 'Target 1'
compiling main.c...
uart.h(8): warning:  #1-D: last line of file ends without a newline
main.c(35): warning:  #1-D: last line of file ends without a newline
linking...
Program Size: Code=1184 RO-data=16 RW-data=0 ZI-data=1256  
"UART.axf" - 0 Error(s), 2 Warning(s).
Rebuild target 'Target 1'
assembling Startup.s...
compiling main.c...
uart.h(8): warning:  #1-D: last line of file ends without a newline
main.c(35): warning:  #1-D: last line of file ends without a newline
compiling uart_op.c...
uart.h(8): warning:  #1-D: last line of file ends without a newline
linking...
Program Size: Code=1184 RO-data=16 RW-data=0 ZI-data=1256  
"UART.axf" - 0 Error(s), 3 Warning(s).
Rebuild target 'Target 1'
assembling Startup.s...
compiling main.c...
uart.h(8): warning:  #1-D: last line of file ends without a newline
main.c(35): warning:  #1-D: last line of file ends without a newline
compiling uart_op.c...
uart.h(8): warning:  #1-D: last line of file ends without a newline
linking...
Program Size: Code=1184 RO-data=16 RW-data=0 ZI-data=1256  
"UART.axf" - 0 Error(s), 3 Warning(s).
Build target 'Target 1'
compiling main.c...
uart.h(8): warning:  #1-D: last line of file ends without a newline
main.c(25): warning:  #1-D: last line of file ends without a newline
linking...
Program Size: Code=1016 RO-data=16 RW-data=0 ZI-data=1256  
"UART.axf" - 0 Error(s), 2 Warning(s).
Rebuild target 'Target 1'
assembling Startup.s...
compiling main.c...
uart.h(8): warning:  #1-D: last line of file ends without a newline
main.c(25): warning:  #1-D: last line of file ends without a newline
compiling uart_op.c...
uart.h(8): warning:  #1-D: last line of file ends without a newline
linking...
Program Size: Code=1016 RO-data=16 RW-data=0 ZI-data=1256  
"UART.axf" - 0 Error(s), 3 Warning(s).
Rebuild target 'Target 1'
assembling Startup.s...
compiling main.c...
uart.h(8): warning:  #1-D: last line of file ends without a newline
main.c(15): warning:  #187-D: use of "=" where "==" may have been intended
main.c(16): error:  #65: expected a ";"
main.c(25): warning:  #1-D: last line of file ends without a newline
compiling uart_op.c...
uart.h(8): warning:  #1-D: last line of file ends without a newline
Target not created
Rebuild target 'Target 1'
assembling Startup.s...
compiling main.c...
uart.h(8): warning:  #1-D: last line of file ends without a newline
main.c(15): warning:  #187-D: use of "=" where "==" may have been intended
main.c(16): error:  #65: expected a ";"
main.c(25): warning:  #1-D: last line of file ends without a newline
compiling uart_op.c...
uart.h(8): warning:  #1-D: last line of file ends without a newline
Target not created
Rebuild target 'Target 1'
assembling Startup.s...
compiling main.c...
uart.h(8): warning:  #1-D: last line of file ends without a newline
main.c(15): warning:  #187-D: use of "=" where "==" may have been intended
main.c(16): error:  #65: expected a ";"
main.c(25): warning:  #1-D: last line of file ends without a newline
compiling uart_op.c...
uart.h(8): warning:  #1-D: last line of file ends without a newline
Target not created
Rebuild target 'Target 1'
assembling Startup.s...
compiling main.c...
uart.h(8): warning:  #1-D: last line of file ends without a newline
main.c(15): warning:  #187-D: use of "=" where "==" may have been intended
main.c(16): error:  #65: expected a ";"
main.c(25): warning:  #1-D: last line of file ends without a newline
compiling uart_op.c...
uart.h(8): warning:  #1-D: last line of file ends without a newline
Target not created
Rebuild target 'Target 1'
assembling Startup.s...
compiling main.c...
uart.h(8): warning:  #1-D: last line of file ends without a newline
main.c(18): warning:  #187-D: use of "=" where "==" may have been intended
main.c(29): warning:  #1-D: last line of file ends without a newline
compiling uart_op.c...
uart.h(8): warning:  #1-D: last line of file ends without a newline
linking...
Program Size: Code=1032 RO-data=16 RW-data=0 ZI-data=1256  
"UART.axf" - 0 Error(s), 4 Warning(s).
Rebuild target 'Target 1'
assembling Startup.s...
compiling main.c...
uart.h(8): warning:  #1-D: last line of file ends without a newline
main.c(29): warning:  #1-D: last line of file ends without a newline
compiling uart_op.c...
uart.h(8): warning:  #1-D: last line of file ends without a newline
linking...
Program Size: Code=1028 RO-data=16 RW-data=0 ZI-data=1256  
"UART.axf" - 0 Error(s), 3 Warning(s).
Rebuild target 'Target 1'
assembling Startup.s...
compiling main.c...
uart.h(8): warning:  #1-D: last line of file ends without a newline
main.c(30): warning:  #1-D: last line of file ends without a newline
main.c(6): warning:  #177-D: variable "index1" was declared but never referenced
compiling uart_op.c...
uart.h(8): warning:  #1-D: last line of file ends without a newline
linking...
Program Size: Code=1020 RO-data=16 RW-data=0 ZI-data=1256  
"UART.axf" - 0 Error(s), 4 Warning(s).
Rebuild target 'Target 1'
assembling Startup.s...
compiling main.c...
uart.h(8): warning:  #1-D: last line of file ends without a newline
main.c(30): warning:  #1-D: last line of file ends without a newline
main.c(6): warning:  #177-D: variable "index1" was declared but never referenced
compiling uart_op.c...
uart.h(8): warning:  #1-D: last line of file ends without a newline
linking...
Program Size: Code=1020 RO-data=16 RW-data=0 ZI-data=1256  
"UART.axf" - 0 Error(s), 4 Warning(s).
Rebuild target 'Target 1'
assembling Startup.s...
compiling main.c...
uart.h(8): warning:  #1-D: last line of file ends without a newline
main.c(30): warning:  #1-D: last line of file ends without a newline
main.c(6): warning:  #177-D: variable "index1" was declared but never referenced
compiling uart_op.c...
uart.h(8): warning:  #1-D: last line of file ends without a newline
linking...
Program Size: Code=1040 RO-data=16 RW-data=0 ZI-data=1256  
"UART.axf" - 0 Error(s), 4 Warning(s).
Rebuild target 'Target 1'
assembling Startup.s...
compiling main.c...
uart.h(8): warning:  #1-D: last line of file ends without a newline
main.c(30): warning:  #1-D: last line of file ends without a newline
main.c(6): warning:  #177-D: variable "index1" was declared but never referenced
compiling uart_op.c...
uart.h(8): warning:  #1-D: last line of file ends without a newline
linking...
Program Size: Code=1040 RO-data=16 RW-data=0 ZI-data=1256  
"UART.axf" - 0 Error(s), 4 Warning(s).
Rebuild target 'Target 1'
assembling Startup.s...
compiling main.c...
uart.h(8): warning:  #1-D: last line of file ends without a newline
main.c(30): warning:  #1-D: last line of file ends without a newline
main.c(6): warning:  #177-D: variable "index1" was declared but never referenced
compiling uart_op.c...
uart.h(8): warning:  #1-D: last line of file ends without a newline
linking...
Program Size: Code=1040 RO-data=16 RW-data=0 ZI-data=1256  
"UART.axf" - 0 Error(s), 4 Warning(s).
Rebuild target 'Target 1'
assembling Startup.s...
compiling main.c...
uart.h(8): warning:  #1-D: last line of file ends without a newline
main.c(29): warning:  #1-D: last line of file ends without a newline
main.c(6): warning:  #177-D: variable "index1" was declared but never referenced
compiling uart_op.c...
uart.h(8): warning:  #1-D: last line of file ends without a newline
linking...
Program Size: Code=1028 RO-data=16 RW-data=0 ZI-data=1256  
"UART.axf" - 0 Error(s), 4 Warning(s).
Rebuild target 'Target 1'
assembling Startup.s...
compiling main.c...
uart.h(8): warning:  #1-D: last line of file ends without a newline
main.c(29): warning:  #1-D: last line of file ends without a newline
main.c(6): warning:  #177-D: variable "index1" was declared but never referenced
compiling uart_op.c...
uart.h(8): warning:  #1-D: last line of file ends without a newline
linking...
Program Size: Code=1028 RO-data=16 RW-data=0 ZI-data=1256  
"UART.axf" - 0 Error(s), 4 Warning(s).
Rebuild target 'Target 1'
assembling Startup.s...
compiling main.c...
uart.h(8): warning:  #1-D: last line of file ends without a newline
main.c(30): warning:  #1-D: last line of file ends without a newline
main.c(6): warning:  #177-D: variable "index1" was declared but never referenced
compiling uart_op.c...
uart.h(8): warning:  #1-D: last line of file ends without a newline
linking...
Program Size: Code=1032 RO-data=16 RW-data=0 ZI-data=1256  
"UART.axf" - 0 Error(s), 4 Warning(s).
Rebuild target 'Target 1'
assembling Startup.s...
compiling main.c...
uart.h(8): warning:  #1-D: last line of file ends without a newline
main.c(31): warning:  #1-D: last line of file ends without a newline
main.c(6): warning:  #177-D: variable "index1" was declared but never referenced
compiling uart_op.c...
uart.h(8): warning:  #1-D: last line of file ends without a newline
linking...
Program Size: Code=1036 RO-data=16 RW-data=0 ZI-data=1256  
"UART.axf" - 0 Error(s), 4 Warning(s).
Rebuild target 'Target 1'
assembling Startup.s...
compiling main.c...
uart.h(8): warning:  #1-D: last line of file ends without a newline
main.c(25): warning:  #223-D: function "printf" declared implicitly
main.c(32): warning:  #1-D: last line of file ends without a newline
main.c(7): warning:  #177-D: variable "index1" was declared but never referenced
compiling uart_op.c...
uart.h(8): warning:  #1-D: last line of file ends without a newline
linking...
Program Size: Code=4352 RO-data=44 RW-data=12 ZI-data=1508  
"UART.axf" - 0 Error(s), 5 Warning(s).
Rebuild target 'Target 1'
assembling Startup.s...
compiling main.c...
uart.h(8): warning:  #1-D: last line of file ends without a newline
main.c(25): warning:  #223-D: function "printf" declared implicitly
main.c(32): warning:  #1-D: last line of file ends without a newline
main.c(7): warning:  #177-D: variable "index1" was declared but never referenced
compiling uart_op.c...
uart.h(8): warning:  #1-D: last line of file ends without a newline
linking...
Program Size: Code=4352 RO-data=44 RW-data=12 ZI-data=1508  
"UART.axf" - 0 Error(s), 5 Warning(s).
Rebuild target 'Target 1'
assembling Startup.s...
compiling main.c...
uart.h(8): warning:  #1-D: last line of file ends without a newline
main.c(33): warning:  #1-D: last line of file ends without a newline
main.c(8): warning:  #177-D: variable "index1" was declared but never referenced
compiling uart_op.c...
uart.h(8): warning:  #1-D: last line of file ends without a newline
linking...
Program Size: Code=4352 RO-data=44 RW-data=12 ZI-data=1508  
"UART.axf" - 0 Error(s), 4 Warning(s).
Rebuild target 'Target 1'
assembling Startup.s...
compiling main.c...
uart.h(8): warning:  #1-D: last line of file ends without a newline
main.c(33): warning:  #1-D: last line of file ends without a newline
main.c(8): warning:  #177-D: variable "index1" was declared but never referenced
compiling uart_op.c...
uart.h(8): warning:  #1-D: last line of file ends without a newline
linking...
Program Size: Code=4352 RO-data=44 RW-data=12 ZI-data=1508  
"UART.axf" - 0 Error(s), 4 Warning(s).
