<html>
<body>
<pre>
<h1>µVision Build Log</h1>
<h2>Project:</h2>
E:\Master of Engineering\1ST SEMESTER\Microcontroller and Its Applications\LAB\LPC2148\LED_PORT_0\Blink_Port_0.uvproj
Project File Date:  09/04/2023

<h2>Output:</h2>
Rebuild target 'Target 1'
assembling Startup.s...
compiling blinky_port_0.c...
blinky_port_0.c(19): warning:  #940-D: missing return statement at end of non-void function "delay"
linking...
Program Size: Code=852 RO-data=32 RW-data=4 ZI-data=1260  
FromELF: creating hex file...
".\Objects\Blink_Port_0.axf" - 0 Error(s), 1 Warning(s).
Rebuild target 'Target 1'
assembling Startup.s...
compiling blinky_port_0.c...
blinky_port_0.c(19): warning:  #117-D: non-void function "delay" should return a value
linking...
Program Size: Code=852 RO-data=32 RW-data=4 ZI-data=1260  
FromELF: creating hex file...
".\Objects\Blink_Port_0.axf" - 0 Error(s), 1 Warning(s).
Rebuild target 'Target 1'
assembling Startup.s...
compiling blinky_port_0.c...
blinky_port_0.c(19): warning:  #117-D: non-void function "delay" should return a value
linking...
Program Size: Code=852 RO-data=32 RW-data=4 ZI-data=1260  
FromELF: creating hex file...
".\Objects\Blink_Port_0.axf" - 0 Error(s), 1 Warning(s).
